stm32f4xx_hal_flash.c:156:19:HAL_FLASH_Program	32	static
stm32f4xx_hal_flash.c:206:19:HAL_FLASH_Program_IT	32	static
stm32f4xx_hal_flash.c:246:6:HAL_FLASH_IRQHandler	16	static
stm32f4xx_hal_flash.c:353:13:HAL_FLASH_EndOfOperationCallback	16	static
stm32f4xx_hal_flash.c:369:13:HAL_FLASH_OperationErrorCallback	16	static
stm32f4xx_hal_flash.c:400:19:HAL_FLASH_Unlock	16	static
stm32f4xx_hal_flash.c:421:19:HAL_FLASH_Lock	4	static
stm32f4xx_hal_flash.c:432:19:HAL_FLASH_OB_Unlock	4	static
stm32f4xx_hal_flash.c:448:19:HAL_FLASH_OB_Lock	4	static
stm32f4xx_hal_flash.c:459:19:HAL_FLASH_OB_Launch	8	static
stm32f4xx_hal_flash.c:495:10:HAL_FLASH_GetError	4	static
stm32f4xx_hal_flash.c:508:19:FLASH_WaitForLastOperation	24	static
stm32f4xx_hal_flash.c:563:13:FLASH_Program_DoubleWord	24	static,ignoring_inline_asm
stm32f4xx_hal_flash.c:595:13:FLASH_Program_Word	16	static
stm32f4xx_hal_flash.c:619:13:FLASH_Program_HalfWord	16	static
stm32f4xx_hal_flash.c:643:13:FLASH_Program_Byte	16	static
stm32f4xx_hal_flash.c:659:13:FLASH_SetErrorCode	4	static
