core_cm4.h:1615:23:__NVIC_SetPriorityGrouping	24	static
core_cm4.h:1632:27:__NVIC_GetPriorityGrouping	4	static
core_cm4.h:1643:23:__NVIC_EnableIRQ	16	static
core_cm4.h:1675:23:__NVIC_DisableIRQ	16	static,ignoring_inline_asm
core_cm4.h:1692:27:__NVIC_GetPendingIRQ	16	static
core_cm4.h:1709:23:__NVIC_SetPendingIRQ	16	static
core_cm4.h:1722:23:__NVIC_ClearPendingIRQ	16	static
core_cm4.h:1737:27:__NVIC_GetActive	16	static
core_cm4.h:1757:23:__NVIC_SetPriority	16	static
core_cm4.h:1776:27:__NVIC_GetPriority	16	static
core_cm4.h:1798:27:NVIC_EncodePriority	40	static
core_cm4.h:1832:23:NVIC_DecodePriority	40	static
core_cm4.h:1887:35:__NVIC_SystemReset	4	static,ignoring_inline_asm
core_cm4.h:1963:26:SysTick_Config	16	static
stm32f4xx_hal_cortex.c:141:6:HAL_NVIC_SetPriorityGrouping	16	static
stm32f4xx_hal_cortex.c:162:6:HAL_NVIC_SetPriority	32	static
stm32f4xx_hal_cortex.c:185:6:HAL_NVIC_EnableIRQ	16	static
stm32f4xx_hal_cortex.c:200:6:HAL_NVIC_DisableIRQ	16	static
stm32f4xx_hal_cortex.c:212:6:HAL_NVIC_SystemReset	8	static
stm32f4xx_hal_cortex.c:224:10:HAL_SYSTICK_Config	16	static
stm32f4xx_hal_cortex.c:252:6:HAL_MPU_Disable	4	static,ignoring_inline_asm
stm32f4xx_hal_cortex.c:274:6:HAL_MPU_Enable	16	static,ignoring_inline_asm
stm32f4xx_hal_cortex.c:292:6:HAL_MPU_ConfigRegion	16	static
stm32f4xx_hal_cortex.c:333:10:HAL_NVIC_GetPriorityGrouping	8	static
stm32f4xx_hal_cortex.c:359:6:HAL_NVIC_GetPriority	24	static
stm32f4xx_hal_cortex.c:375:6:HAL_NVIC_SetPendingIRQ	16	static
stm32f4xx_hal_cortex.c:392:10:HAL_NVIC_GetPendingIRQ	16	static
stm32f4xx_hal_cortex.c:407:6:HAL_NVIC_ClearPendingIRQ	16	static
stm32f4xx_hal_cortex.c:423:10:HAL_NVIC_GetActive	16	static
stm32f4xx_hal_cortex.c:439:6:HAL_SYSTICK_CLKSourceConfig	16	static
stm32f4xx_hal_cortex.c:453:6:HAL_SYSTICK_IRQHandler	8	static
stm32f4xx_hal_cortex.c:461:13:HAL_SYSTICK_Callback	4	static
